🔍 Starting CI Monitor for ximicpp/XOffsetDatastructure (next_cpp26)
📝 Log file: ci-monitor.log
⏰ Started at: Mon Feb  2 11:06:04 CST 2026


━━━━━━━━━━━━━━━━━━━━━━━━━━━━━━━━━━━━━━━━
🆕 NEW CI RUN DETECTED!
━━━━━━━━━━━━━━━━━━━━━━━━━━━━━━━━━━━━━━━━
📌 Run #68 (ID: 21575872337)
🕐 Created: 2026-02-02T03:03:30Z
📊 Status: completed
🔗 URL: https://github.com/ximicpp/XOffsetDatastructure/actions/runs/21575872337


━━━━━━━━━━━━━━━━━━━━━━━━━━━━━━━━━━━━━━━━
🏁 CI WORKFLOW COMPLETED!
━━━━━━━━━━━━━━━━━━━━━━━━━━━━━━━━━━━━━━━━
📌 Run #68
📊 Conclusion: failure
🔗 URL: https://github.com/ximicpp/XOffsetDatastructure/actions/runs/21575872337

❌ FAILURE! Some tests failed
   Check logs: https://github.com/ximicpp/XOffsetDatastructure/actions/runs/21575872337

⏳ Waiting for new runs (will continue monitoring)...

━━━━━━━━━━━━━━━━━━━━━━━━━━━━━━━━━━━━━━━━
🆕 NEW CI RUN DETECTED!
━━━━━━━━━━━━━━━━━━━━━━━━━━━━━━━━━━━━━━━━
📌 Run #68 (ID: 21575872337)
🕐 Created: 2026-02-02T03:03:30Z
📊 Status: completed
🔗 URL: https://github.com/ximicpp/XOffsetDatastructure/actions/runs/21575872337


━━━━━━━━━━━━━━━━━━━━━━━━━━━━━━━━━━━━━━━━
🏁 CI WORKFLOW COMPLETED!
━━━━━━━━━━━━━━━━━━━━━━━━━━━━━━━━━━━━━━━━
📌 Run #68
📊 Conclusion: failure
🔗 URL: https://github.com/ximicpp/XOffsetDatastructure/actions/runs/21575872337

❌ FAILURE! Some tests failed
   Check logs: https://github.com/ximicpp/XOffsetDatastructure/actions/runs/21575872337

⏳ Waiting for new runs (will continue monitoring)...

━━━━━━━━━━━━━━━━━━━━━━━━━━━━━━━━━━━━━━━━
🆕 NEW CI RUN DETECTED!
━━━━━━━━━━━━━━━━━━━━━━━━━━━━━━━━━━━━━━━━
📌 Run #68 (ID: 21575872337)
🕐 Created: 2026-02-02T03:03:30Z
📊 Status: completed
🔗 URL: https://github.com/ximicpp/XOffsetDatastructure/actions/runs/21575872337


━━━━━━━━━━━━━━━━━━━━━━━━━━━━━━━━━━━━━━━━
🏁 CI WORKFLOW COMPLETED!
━━━━━━━━━━━━━━━━━━━━━━━━━━━━━━━━━━━━━━━━
📌 Run #68
📊 Conclusion: failure
🔗 URL: https://github.com/ximicpp/XOffsetDatastructure/actions/runs/21575872337

❌ FAILURE! Some tests failed
   Check logs: https://github.com/ximicpp/XOffsetDatastructure/actions/runs/21575872337

⏳ Waiting for new runs (will continue monitoring)...

━━━━━━━━━━━━━━━━━━━━━━━━━━━━━━━━━━━━━━━━
🆕 NEW CI RUN DETECTED!
━━━━━━━━━━━━━━━━━━━━━━━━━━━━━━━━━━━━━━━━
📌 Run #69 (ID: 21575944555)
🕐 Created: 2026-02-02T03:07:20Z
📊 Status: completed
🔗 URL: https://github.com/ximicpp/XOffsetDatastructure/actions/runs/21575944555


━━━━━━━━━━━━━━━━━━━━━━━━━━━━━━━━━━━━━━━━
🏁 CI WORKFLOW COMPLETED!
━━━━━━━━━━━━━━━━━━━━━━━━━━━━━━━━━━━━━━━━
📌 Run #69
📊 Conclusion: failure
🔗 URL: https://github.com/ximicpp/XOffsetDatastructure/actions/runs/21575944555

❌ FAILURE! Some tests failed
   Check logs: https://github.com/ximicpp/XOffsetDatastructure/actions/runs/21575944555

⏳ Waiting for new runs (will continue monitoring)...
